[     122ms] [ERROR] Failed to load resource: the server responded with a status of 404 () @ http://localhost:3000/nope:0
[    1694ms] [ERROR] Failed to load resource: the server responded with a status of 404 () @ http://localhost:3000/nope:0
[    3562ms] [INFO] %cDownload the React DevTools for a better development experience: https://react.dev/link/react-devtools font-weight:bold @ http://localhost:3000/node_modules/.vite/deps/react-dom_client.js?v=447625f9:15804
[    4117ms] [WARNING] %c[Server]%c color: #9333ea; font-weight: bold; color: inherit; 2026-10-01T13:55:04.095Z WARN [Better Auth]: [better-auth] Base URL is not set. Set the baseURL option or BETTER_AUTH_URL env, or use a dynamic baseURL with allowedHosts for multi-host setups. Without it the origin is derived from the incoming request, and callbacks and redirects may not work correctly. @ http://localhost:3000/@vite/client:298
[    7416ms] [WARNING] The resource http://localhost:3000/node_modules/@fontsource/poppins/files/poppins-latin-400-normal.woff2 was preloaded using link preload but not used within a few seconds from the window's load event. Please make sure it has an appropriate `as` value and it is preloaded intentionally. @ http://localhost:3000/nope:0
[    7417ms] [WARNING] The resource http://localhost:3000/node_modules/@fontsource/poppins/files/poppins-latin-600-normal.woff2 was preloaded using link preload but not used within a few seconds from the window's load event. Please make sure it has an appropriate `as` value and it is preloaded intentionally. @ http://localhost:3000/nope:0
[    7417ms] [WARNING] The resource http://localhost:3000/node_modules/@fontsource/poppins/files/poppins-latin-500-normal.woff2 was preloaded using link preload but not used within a few seconds from the window's load event. Please make sure it has an appropriate `as` value and it is preloaded intentionally. @ http://localhost:3000/nope:0
[    7417ms] [WARNING] The resource http://localhost:3000/node_modules/@fontsource/poppins/files/poppins-latin-700-normal.woff2 was preloaded using link preload but not used within a few seconds from the window's load event. Please make sure it has an appropriate `as` value and it is preloaded intentionally. @ http://localhost:3000/nope:0
[   13207ms] [LOG] [vite] server connection lost. Polling for restart... @ http://localhost:3000/src/routes/__root.tsx?t=1790843590601:194
[   13217ms] [ERROR] Failed to load resource: net::ERR_INCOMPLETE_CHUNKED_ENCODING @ http://localhost:3000/__tsd/console-pipe/sse:0
[   13317ms] [ERROR] Failed to load resource: net::ERR_CONNECTION_REFUSED @ http://localhost:3000/__tsd/console-pipe:0
[   16220ms] [ERROR] Failed to load resource: net::ERR_CONNECTION_REFUSED @ http://localhost:3000/__tsd/console-pipe/sse:0
[   19221ms] [WARNING] The resource http://localhost:3000/node_modules/@fontsource/poppins/files/poppins-latin-400-normal.woff2 was preloaded using link preload but not used within a few seconds from the window's load event. Please make sure it has an appropriate `as` value and it is preloaded intentionally. @ http://localhost:3000/nope:0
[   19221ms] [WARNING] The resource http://localhost:3000/node_modules/@fontsource/poppins/files/poppins-latin-600-normal.woff2 was preloaded using link preload but not used within a few seconds from the window's load event. Please make sure it has an appropriate `as` value and it is preloaded intentionally. @ http://localhost:3000/nope:0
[   19221ms] [WARNING] The resource http://localhost:3000/node_modules/@fontsource/poppins/files/poppins-latin-500-normal.woff2 was preloaded using link preload but not used within a few seconds from the window's load event. Please make sure it has an appropriate `as` value and it is preloaded intentionally. @ http://localhost:3000/nope:0
[   19221ms] [WARNING] The resource http://localhost:3000/node_modules/@fontsource/poppins/files/poppins-latin-700-normal.woff2 was preloaded using link preload but not used within a few seconds from the window's load event. Please make sure it has an appropriate `as` value and it is preloaded intentionally. @ http://localhost:3000/nope:0
[   19223ms] [ERROR] Failed to load resource: net::ERR_CONNECTION_REFUSED @ http://localhost:3000/__tsd/console-pipe/sse:0
[   22224ms] [WARNING] The resource http://localhost:3000/node_modules/@fontsource/poppins/files/poppins-latin-400-normal.woff2 was preloaded using link preload but not used within a few seconds from the window's load event. Please make sure it has an appropriate `as` value and it is preloaded intentionally. @ http://localhost:3000/nope:0
[   22224ms] [WARNING] The resource http://localhost:3000/node_modules/@fontsource/poppins/files/poppins-latin-600-normal.woff2 was preloaded using link preload but not used within a few seconds from the window's load event. Please make sure it has an appropriate `as` value and it is preloaded intentionally. @ http://localhost:3000/nope:0
[   22224ms] [WARNING] The resource http://localhost:3000/node_modules/@fontsource/poppins/files/poppins-latin-500-normal.woff2 was preloaded using link preload but not used within a few seconds from the window's load event. Please make sure it has an appropriate `as` value and it is preloaded intentionally. @ http://localhost:3000/nope:0
[   22224ms] [WARNING] The resource http://localhost:3000/node_modules/@fontsource/poppins/files/poppins-latin-700-normal.woff2 was preloaded using link preload but not used within a few seconds from the window's load event. Please make sure it has an appropriate `as` value and it is preloaded intentionally. @ http://localhost:3000/nope:0
[   22227ms] [ERROR] Failed to load resource: net::ERR_CONNECTION_REFUSED @ http://localhost:3000/__tsd/console-pipe/sse:0
[   25228ms] [WARNING] The resource http://localhost:3000/node_modules/@fontsource/poppins/files/poppins-latin-400-normal.woff2 was preloaded using link preload but not used within a few seconds from the window's load event. Please make sure it has an appropriate `as` value and it is preloaded intentionally. @ http://localhost:3000/nope:0
[   25228ms] [WARNING] The resource http://localhost:3000/node_modules/@fontsource/poppins/files/poppins-latin-600-normal.woff2 was preloaded using link preload but not used within a few seconds from the window's load event. Please make sure it has an appropriate `as` value and it is preloaded intentionally. @ http://localhost:3000/nope:0
[   25228ms] [WARNING] The resource http://localhost:3000/node_modules/@fontsource/poppins/files/poppins-latin-500-normal.woff2 was preloaded using link preload but not used within a few seconds from the window's load event. Please make sure it has an appropriate `as` value and it is preloaded intentionally. @ http://localhost:3000/nope:0
[   25228ms] [WARNING] The resource http://localhost:3000/node_modules/@fontsource/poppins/files/poppins-latin-700-normal.woff2 was preloaded using link preload but not used within a few seconds from the window's load event. Please make sure it has an appropriate `as` value and it is preloaded intentionally. @ http://localhost:3000/nope:0
[   25231ms] [ERROR] Failed to load resource: net::ERR_CONNECTION_REFUSED @ http://localhost:3000/__tsd/console-pipe/sse:0
[   28232ms] [WARNING] The resource http://localhost:3000/node_modules/@fontsource/poppins/files/poppins-latin-400-normal.woff2 was preloaded using link preload but not used within a few seconds from the window's load event. Please make sure it has an appropriate `as` value and it is preloaded intentionally. @ http://localhost:3000/nope:0
[   28232ms] [WARNING] The resource http://localhost:3000/node_modules/@fontsource/poppins/files/poppins-latin-600-normal.woff2 was preloaded using link preload but not used within a few seconds from the window's load event. Please make sure it has an appropriate `as` value and it is preloaded intentionally. @ http://localhost:3000/nope:0
[   28232ms] [WARNING] The resource http://localhost:3000/node_modules/@fontsource/poppins/files/poppins-latin-500-normal.woff2 was preloaded using link preload but not used within a few seconds from the window's load event. Please make sure it has an appropriate `as` value and it is preloaded intentionally. @ http://localhost:3000/nope:0
[   28232ms] [WARNING] The resource http://localhost:3000/node_modules/@fontsource/poppins/files/poppins-latin-700-normal.woff2 was preloaded using link preload but not used within a few seconds from the window's load event. Please make sure it has an appropriate `as` value and it is preloaded intentionally. @ http://localhost:3000/nope:0
[   28241ms] [ERROR] Failed to load resource: net::ERR_CONNECTION_REFUSED @ http://localhost:3000/__tsd/console-pipe/sse:0
[   31242ms] [WARNING] The resource http://localhost:3000/node_modules/@fontsource/poppins/files/poppins-latin-400-normal.woff2 was preloaded using link preload but not used within a few seconds from the window's load event. Please make sure it has an appropriate `as` value and it is preloaded intentionally. @ http://localhost:3000/nope:0
[   31243ms] [WARNING] The resource http://localhost:3000/node_modules/@fontsource/poppins/files/poppins-latin-600-normal.woff2 was preloaded using link preload but not used within a few seconds from the window's load event. Please make sure it has an appropriate `as` value and it is preloaded intentionally. @ http://localhost:3000/nope:0
[   31243ms] [WARNING] The resource http://localhost:3000/node_modules/@fontsource/poppins/files/poppins-latin-500-normal.woff2 was preloaded using link preload but not used within a few seconds from the window's load event. Please make sure it has an appropriate `as` value and it is preloaded intentionally. @ http://localhost:3000/nope:0
[   31243ms] [WARNING] The resource http://localhost:3000/node_modules/@fontsource/poppins/files/poppins-latin-700-normal.woff2 was preloaded using link preload but not used within a few seconds from the window's load event. Please make sure it has an appropriate `as` value and it is preloaded intentionally. @ http://localhost:3000/nope:0
[   31249ms] [ERROR] Failed to load resource: net::ERR_CONNECTION_REFUSED @ http://localhost:3000/__tsd/console-pipe/sse:0
[   34251ms] [WARNING] The resource http://localhost:3000/node_modules/@fontsource/poppins/files/poppins-latin-400-normal.woff2 was preloaded using link preload but not used within a few seconds from the window's load event. Please make sure it has an appropriate `as` value and it is preloaded intentionally. @ http://localhost:3000/nope:0
[   34251ms] [WARNING] The resource http://localhost:3000/node_modules/@fontsource/poppins/files/poppins-latin-600-normal.woff2 was preloaded using link preload but not used within a few seconds from the window's load event. Please make sure it has an appropriate `as` value and it is preloaded intentionally. @ http://localhost:3000/nope:0
[   34251ms] [WARNING] The resource http://localhost:3000/node_modules/@fontsource/poppins/files/poppins-latin-500-normal.woff2 was preloaded using link preload but not used within a few seconds from the window's load event. Please make sure it has an appropriate `as` value and it is preloaded intentionally. @ http://localhost:3000/nope:0
[   34251ms] [WARNING] The resource http://localhost:3000/node_modules/@fontsource/poppins/files/poppins-latin-700-normal.woff2 was preloaded using link preload but not used within a few seconds from the window's load event. Please make sure it has an appropriate `as` value and it is preloaded intentionally. @ http://localhost:3000/nope:0
[   34255ms] [ERROR] Failed to load resource: net::ERR_CONNECTION_REFUSED @ http://localhost:3000/__tsd/console-pipe/sse:0
[   37255ms] [WARNING] The resource http://localhost:3000/node_modules/@fontsource/poppins/files/poppins-latin-400-normal.woff2 was preloaded using link preload but not used within a few seconds from the window's load event. Please make sure it has an appropriate `as` value and it is preloaded intentionally. @ http://localhost:3000/nope:0
[   37255ms] [WARNING] The resource http://localhost:3000/node_modules/@fontsource/poppins/files/poppins-latin-600-normal.woff2 was preloaded using link preload but not used within a few seconds from the window's load event. Please make sure it has an appropriate `as` value and it is preloaded intentionally. @ http://localhost:3000/nope:0
[   37255ms] [WARNING] The resource http://localhost:3000/node_modules/@fontsource/poppins/files/poppins-latin-500-normal.woff2 was preloaded using link preload but not used within a few seconds from the window's load event. Please make sure it has an appropriate `as` value and it is preloaded intentionally. @ http://localhost:3000/nope:0
[   37256ms] [WARNING] The resource http://localhost:3000/node_modules/@fontsource/poppins/files/poppins-latin-700-normal.woff2 was preloaded using link preload but not used within a few seconds from the window's load event. Please make sure it has an appropriate `as` value and it is preloaded intentionally. @ http://localhost:3000/nope:0
[   37259ms] [ERROR] Failed to load resource: net::ERR_CONNECTION_REFUSED @ http://localhost:3000/__tsd/console-pipe/sse:0
[   40260ms] [WARNING] The resource http://localhost:3000/node_modules/@fontsource/poppins/files/poppins-latin-400-normal.woff2 was preloaded using link preload but not used within a few seconds from the window's load event. Please make sure it has an appropriate `as` value and it is preloaded intentionally. @ http://localhost:3000/nope:0
[   40261ms] [WARNING] The resource http://localhost:3000/node_modules/@fontsource/poppins/files/poppins-latin-600-normal.woff2 was preloaded using link preload but not used within a few seconds from the window's load event. Please make sure it has an appropriate `as` value and it is preloaded intentionally. @ http://localhost:3000/nope:0
[   40261ms] [WARNING] The resource http://localhost:3000/node_modules/@fontsource/poppins/files/poppins-latin-500-normal.woff2 was preloaded using link preload but not used within a few seconds from the window's load event. Please make sure it has an appropriate `as` value and it is preloaded intentionally. @ http://localhost:3000/nope:0
[   40261ms] [WARNING] The resource http://localhost:3000/node_modules/@fontsource/poppins/files/poppins-latin-700-normal.woff2 was preloaded using link preload but not used within a few seconds from the window's load event. Please make sure it has an appropriate `as` value and it is preloaded intentionally. @ http://localhost:3000/nope:0
[   40266ms] [ERROR] Failed to load resource: net::ERR_CONNECTION_REFUSED @ http://localhost:3000/__tsd/console-pipe/sse:0
